scripts/kconfig/conf --silentoldconfig Kconfig
  CHK     include/linux/version.h
  CHK     include/generated/utsrelease.h
make[1]: `include/generated/mach-types.h' is up to date.
  CALL    scripts/checksyscalls.sh
  CHK     include/generated/compile.h
  GZIP    kernel/config_data.gz
  IKCFG   kernel/config_data.h
  CC      kernel/configs.o
  LD      kernel/built-in.o
  CC      drivers/usb/gadget/android.o
In file included from drivers/usb/gadget/android.c:65:0:
drivers/usb/gadget/f_diag.c: In function ‘usb_config_work_func’:
drivers/usb/gadget/f_diag.c:145:21: warning: unused variable ‘s’ [-Wunused-variable]
  struct usb_string *s;
                     ^
drivers/usb/gadget/f_diag.c:144:29: warning: unused variable ‘table’ [-Wunused-variable]
  struct usb_gadget_strings *table;
                             ^
drivers/usb/gadget/f_diag.c:143:28: warning: unused variable ‘cdev’ [-Wunused-variable]
  struct usb_composite_dev *cdev = ctxt->cdev;
                            ^
drivers/usb/gadget/android.c: In function ‘diag_function_bind_config’:
drivers/usb/gadget/android.c:1062:6: warning: unused variable ‘once’ [-Wunused-variable]
  int once = 0, err = -1;
      ^
  LD      drivers/usb/gadget/g_android.o
  LD      drivers/usb/gadget/built-in.o
  LD      drivers/usb/built-in.o
  LD      drivers/built-in.o
  LD      vmlinux.o
  MODPOST vmlinux.o
  GEN     .version
  CHK     include/generated/compile.h
  UPD     include/generated/compile.h
  CC      init/version.o
  LD      init/built-in.o
  LD      .tmp_vmlinux1
  KSYM    .tmp_kallsyms1.S
  AS      .tmp_kallsyms1.o
  LD      .tmp_vmlinux2
  KSYM    .tmp_kallsyms2.S
  AS      .tmp_kallsyms2.o
  LD      vmlinux
  SYSMAP  System.map
  SYSMAP  .tmp_System.map
  OBJCOPY arch/arm/boot/Image
  Building modules, stage 2.
  MODPOST 7 modules
  Kernel: arch/arm/boot/Image is ready
  LZMA    arch/arm/boot/compressed/piggy.lzma
  SHIPPED arch/arm/boot/compressed/lib1funcs.S
  SHIPPED arch/arm/boot/compressed/ashldi3.S
  AS      arch/arm/boot/compressed/lib1funcs.o
  AS      arch/arm/boot/compressed/ashldi3.o
  AS      arch/arm/boot/compressed/piggy.lzma.o
  LD      arch/arm/boot/compressed/vmlinux
  OBJCOPY arch/arm/boot/zImage
  Kernel: arch/arm/boot/zImage is ready
